
> pembayaran@0.0.1 build
> vite build

vite v7.3.1 building ssr environment for production...
transforming...
11:55:51 PM [vite-plugin-svelte] src/routes/(app)/pengaturan/akses-halaman/+page.svelte:8:20 This reference only captures the initial value of `data`. Did you mean to reference it inside a derived instead?
https://svelte.dev/e/state_referenced_locally
 6:   let loading = $state(false);
 7: 
 8:   let rules = $state(data.rules);
                             ^
 9:   
10:   $effect(() => {
11:55:52 PM [vite-plugin-svelte] src/routes/(app)/transaksi/input/+page.svelte:1132:26 `a11y_role_has_required_aria_attrs` is not a recognised code (did you mean `a11y_role_has_required_aria_props`?)
https://svelte.dev/e/unknown_code
1130:               <label for="santriSearch" class="label"><span class="label-text font-medium">Santri</span></label>
1131:               <input type="hidden" name="santriId" value={selectedSantriId} />
1132:               <!-- svelte-ignore a11y_role_has_required_aria_attrs -->
                                                                        ^
1133:               <div
1134:                 class="relative"
11:55:52 PM [vite-plugin-svelte] src/routes/(app)/transaksi/input/+page.svelte:1136:8 Elements with the ARIA role "combobox" must have the following attributes defined: "aria-controls" and "aria-expanded"
https://svelte.dev/e/a11y_role_has_required_aria_props
1134:                 class="relative"
1135:                 bind:this={santriComboboxRef}
1136:                 role="combobox"
                                     ^
1137:                 onfocusout={(e) => {
1138:                   setTimeout(() => {
11:55:52 PM [vite-plugin-svelte] src/routes/(app)/transaksi/rekap-individu/+page.svelte:29:31 This reference only captures the initial value of `data`. Did you mean to reference it inside a derived instead?
https://svelte.dev/e/state_referenced_locally
27: 
28:   let santriSearch = $state("");
29:   let selectedSantriId = $state(data.filterSantriId || "");
                                        ^
30:   let selectedLevel = $state(data.filterLevel || "all");
31: 
11:55:52 PM [vite-plugin-svelte] src/routes/(app)/transaksi/rekap-individu/+page.svelte:30:28 This reference only captures the initial value of `data`. Did you mean to reference it inside a derived instead?
https://svelte.dev/e/state_referenced_locally
28:   let santriSearch = $state("");
29:   let selectedSantriId = $state(data.filterSantriId || "");
30:   let selectedLevel = $state(data.filterLevel || "all");
                                     ^
31: 
32:   // Combobox state
11:55:52 PM [vite-plugin-svelte] src/routes/(app)/transaksi/rekap-individu/+page.svelte:146:23 `a11y_role_has_required_aria_attrs` is not a recognised code (did you mean `a11y_role_has_required_aria_props`?)
https://svelte.dev/e/unknown_code
144:       <div class="form-control w-full sm:w-72">
145:         <label class="label py-1" for="santriSearchRekap"><span class="label-text text-xs font-medium">Santri</span></label>
146:         <!-- svelte-ignore a11y_role_has_required_aria_attrs -->
                                                                 ^
147:         <div
148:           class="relative"
11:55:52 PM [vite-plugin-svelte] src/routes/(app)/transaksi/rekap-individu/+page.svelte:150:5 Elements with the ARIA role "combobox" must have the following attributes defined: "aria-controls" and "aria-expanded"
https://svelte.dev/e/a11y_role_has_required_aria_props
148:           class="relative"
149:           bind:this={santriComboboxRef}
150:           role="combobox"
                              ^
151:           onfocusout={(e) => {
152:             setTimeout(() => {
11:55:52 PM [vite-plugin-svelte] src/routes/(app)/transaksi/tambah-tagihan-khusus/+page.svelte:85:26 `a11y_role_has_required_aria_attrs` is not a recognised code (did you mean `a11y_role_has_required_aria_props`?)
https://svelte.dev/e/unknown_code
83:               <label class="label" for="santriSearchTagihan"><span class="label-text font-medium">Santri</span></label>
84:               <input type="hidden" name="santriId" value={selectedSantriId} />
85:               <!-- svelte-ignore a11y_role_has_required_aria_attrs -->
                                                                      ^
86:               <div
87:                 class="relative"
11:55:52 PM [vite-plugin-svelte] src/routes/(app)/transaksi/tambah-tagihan-khusus/+page.svelte:89:8 Elements with the ARIA role "combobox" must have the following attributes defined: "aria-controls" and "aria-expanded"
https://svelte.dev/e/a11y_role_has_required_aria_props
87:                 class="relative"
88:                 bind:this={santriComboboxRef}
89:                 role="combobox"
                                   ^
90:                 onfocusout={(e) => {
91:                   setTimeout(() => {
/*! 🌼 daisyUI 5.5.19 */
✓ 270 modules transformed.
rendering chunks...
vite v7.3.1 building client environment for production...
transforming...
11:55:56 PM [vite-plugin-svelte] src/routes/(app)/pengaturan/akses-halaman/+page.svelte:8:20 This reference only captures the initial value of `data`. Did you mean to reference it inside a derived instead?
https://svelte.dev/e/state_referenced_locally
 6:   let loading = $state(false);
 7: 
 8:   let rules = $state(data.rules);
                             ^
 9:   
10:   $effect(() => {
11:55:57 PM [vite-plugin-svelte] src/routes/(app)/transaksi/input/+page.svelte:1132:26 `a11y_role_has_required_aria_attrs` is not a recognised code (did you mean `a11y_role_has_required_aria_props`?)
https://svelte.dev/e/unknown_code
1130:               <label for="santriSearch" class="label"><span class="label-text font-medium">Santri</span></label>
1131:               <input type="hidden" name="santriId" value={selectedSantriId} />
1132:               <!-- svelte-ignore a11y_role_has_required_aria_attrs -->
                                                                        ^
1133:               <div
1134:                 class="relative"
11:55:57 PM [vite-plugin-svelte] src/routes/(app)/transaksi/input/+page.svelte:1136:8 Elements with the ARIA role "combobox" must have the following attributes defined: "aria-controls" and "aria-expanded"
https://svelte.dev/e/a11y_role_has_required_aria_props
1134:                 class="relative"
1135:                 bind:this={santriComboboxRef}
1136:                 role="combobox"
                                     ^
1137:                 onfocusout={(e) => {
1138:                   setTimeout(() => {
11:55:57 PM [vite-plugin-svelte] src/routes/(app)/transaksi/rekap-individu/+page.svelte:29:31 This reference only captures the initial value of `data`. Did you mean to reference it inside a derived instead?
https://svelte.dev/e/state_referenced_locally
27: 
28:   let santriSearch = $state("");
29:   let selectedSantriId = $state(data.filterSantriId || "");
                                        ^
30:   let selectedLevel = $state(data.filterLevel || "all");
31: 
11:55:57 PM [vite-plugin-svelte] src/routes/(app)/transaksi/rekap-individu/+page.svelte:30:28 This reference only captures the initial value of `data`. Did you mean to reference it inside a derived instead?
https://svelte.dev/e/state_referenced_locally
28:   let santriSearch = $state("");
29:   let selectedSantriId = $state(data.filterSantriId || "");
30:   let selectedLevel = $state(data.filterLevel || "all");
                                     ^
31: 
32:   // Combobox state
11:55:57 PM [vite-plugin-svelte] src/routes/(app)/transaksi/rekap-individu/+page.svelte:146:23 `a11y_role_has_required_aria_attrs` is not a recognised code (did you mean `a11y_role_has_required_aria_props`?)
https://svelte.dev/e/unknown_code
144:       <div class="form-control w-full sm:w-72">
145:         <label class="label py-1" for="santriSearchRekap"><span class="label-text text-xs font-medium">Santri</span></label>
146:         <!-- svelte-ignore a11y_role_has_required_aria_attrs -->
                                                                 ^
147:         <div
148:           class="relative"
11:55:57 PM [vite-plugin-svelte] src/routes/(app)/transaksi/rekap-individu/+page.svelte:150:5 Elements with the ARIA role "combobox" must have the following attributes defined: "aria-controls" and "aria-expanded"
https://svelte.dev/e/a11y_role_has_required_aria_props
148:           class="relative"
149:           bind:this={santriComboboxRef}
150:           role="combobox"
                              ^
151:           onfocusout={(e) => {
152:             setTimeout(() => {
11:55:57 PM [vite-plugin-svelte] src/routes/(app)/transaksi/tambah-tagihan-khusus/+page.svelte:85:26 `a11y_role_has_required_aria_attrs` is not a recognised code (did you mean `a11y_role_has_required_aria_props`?)
https://svelte.dev/e/unknown_code
83:               <label class="label" for="santriSearchTagihan"><span class="label-text font-medium">Santri</span></label>
84:               <input type="hidden" name="santriId" value={selectedSantriId} />
85:               <!-- svelte-ignore a11y_role_has_required_aria_attrs -->
                                                                      ^
86:               <div
87:                 class="relative"
11:55:57 PM [vite-plugin-svelte] src/routes/(app)/transaksi/tambah-tagihan-khusus/+page.svelte:89:8 Elements with the ARIA role "combobox" must have the following attributes defined: "aria-controls" and "aria-expanded"
https://svelte.dev/e/a11y_role_has_required_aria_props
87:                 class="relative"
88:                 bind:this={santriComboboxRef}
89:                 role="combobox"
                                   ^
90:                 onfocusout={(e) => {
91:                   setTimeout(() => {
✓ 221 modules transformed.
Export "untrack" of module "node_modules/svelte/src/internal/client/runtime.js" was reexported through module "node_modules/svelte/src/index-client.js" while both modules are dependencies of each other and will end up in different chunks by current Rollup settings. This scenario is not well supported at the moment as it will produce a circular dependency between chunks and will likely lead to broken execution order.
Either change the import in "node_modules/svelte/src/store/utils.js" to point directly to the exporting module or reconfigure "output.manualChunks" to ensure these modules end up in the same chunk.
Export "tick" of module "node_modules/svelte/src/internal/client/runtime.js" was reexported through module "node_modules/svelte/src/index-client.js" while both modules are dependencies of each other and will end up in different chunks by current Rollup settings. This scenario is not well supported at the moment as it will produce a circular dependency between chunks and will likely lead to broken execution order.
Either change the import in ".svelte-kit/generated/root.svelte" to point directly to the exporting module or reconfigure "output.manualChunks" to ensure these modules end up in the same chunk.
rendering chunks...
computing gzip size...
.svelte-kit/output/client/_app/version.json                            0.03 kB │ gzip:  0.05 kB
.svelte-kit/output/client/.vite/manifest.json                         22.23 kB │ gzip:  1.96 kB
.svelte-kit/output/client/_app/immutable/assets/34.CAQnJltZ.css        6.77 kB │ gzip:  1.75 kB
.svelte-kit/output/client/_app/immutable/assets/layout.DbB-E6MZ.css  117.57 kB │ gzip: 19.44 kB
.svelte-kit/output/client/_app/immutable/chunks/DsnmJJEf.js            0.07 kB │ gzip:  0.08 kB
.svelte-kit/output/client/_app/immutable/entry/start.D9tSXmDZ.js       0.12 kB │ gzip:  0.11 kB
.svelte-kit/output/client/_app/immutable/chunks/Bh96yEi_.js            0.19 kB │ gzip:  0.17 kB
.svelte-kit/output/client/_app/immutable/nodes/0.v5959p42.js           0.21 kB │ gzip:  0.17 kB
.svelte-kit/output/client/_app/immutable/chunks/krjhwoi1.js            0.23 kB │ gzip:  0.16 kB
.svelte-kit/output/client/_app/immutable/chunks/AwMhf13S.js            0.23 kB │ gzip:  0.16 kB
.svelte-kit/output/client/_app/immutable/nodes/5.VvRXdw8K.js           0.24 kB │ gzip:  0.19 kB
.svelte-kit/output/client/_app/immutable/chunks/ByWd7Ask.js            0.26 kB │ gzip:  0.20 kB
.svelte-kit/output/client/_app/immutable/nodes/3.NuKjxa8Z.js           0.29 kB │ gzip:  0.22 kB
.svelte-kit/output/client/_app/immutable/chunks/p8ZW9f1n.js            0.38 kB │ gzip:  0.28 kB
.svelte-kit/output/client/_app/immutable/chunks/inKHGhCd.js            0.40 kB │ gzip:  0.28 kB
.svelte-kit/output/client/_app/immutable/chunks/D2Lt32F9.js            0.40 kB │ gzip:  0.29 kB
.svelte-kit/output/client/_app/immutable/chunks/COz4yZ_C.js            0.44 kB │ gzip:  0.29 kB
.svelte-kit/output/client/_app/immutable/chunks/DkC-mEKe.js            0.53 kB │ gzip:  0.34 kB
.svelte-kit/output/client/_app/immutable/chunks/B2Ya2BLt.js            0.63 kB │ gzip:  0.39 kB
.svelte-kit/output/client/_app/immutable/chunks/C7YJlRmi.js            0.84 kB │ gzip:  0.47 kB
.svelte-kit/output/client/_app/immutable/nodes/4.imRPO_tz.js           0.85 kB │ gzip:  0.49 kB
.svelte-kit/output/client/_app/immutable/chunks/DFqXrrCv.js            1.06 kB │ gzip:  0.64 kB
.svelte-kit/output/client/_app/immutable/chunks/Dp70aiU7.js            1.17 kB │ gzip:  0.70 kB
.svelte-kit/output/client/_app/immutable/chunks/BDhaXzfE.js            1.29 kB │ gzip:  0.68 kB
.svelte-kit/output/client/_app/immutable/chunks/CkdL5402.js            1.49 kB │ gzip:  0.66 kB
.svelte-kit/output/client/_app/immutable/nodes/20.CKQ8JmkP.js          1.50 kB │ gzip:  0.81 kB
.svelte-kit/output/client/_app/immutable/nodes/21.BKT021xO.js          1.81 kB │ gzip:  0.90 kB
.svelte-kit/output/client/_app/immutable/nodes/1.n02uN1Gp.js           1.90 kB │ gzip:  1.06 kB
.svelte-kit/output/client/_app/immutable/chunks/BlT9_4EW.js            1.93 kB │ gzip:  0.92 kB
.svelte-kit/output/client/_app/immutable/chunks/ThAYzhZw.js            2.01 kB │ gzip:  1.00 kB
.svelte-kit/output/client/_app/immutable/nodes/32.TImlkyxq.js          3.46 kB │ gzip:  1.67 kB
.svelte-kit/output/client/_app/immutable/nodes/16.ipRb045W.js          3.70 kB │ gzip:  1.83 kB
.svelte-kit/output/client/_app/immutable/nodes/19.f8B56zLe.js          3.97 kB │ gzip:  1.45 kB
.svelte-kit/output/client/_app/immutable/nodes/31.CBMH50K_.js          4.13 kB │ gzip:  1.70 kB
.svelte-kit/output/client/_app/immutable/nodes/17.Dj4UyaBi.js          4.26 kB │ gzip:  1.81 kB
.svelte-kit/output/client/_app/immutable/chunks/CeKKEb-6.js            4.26 kB │ gzip:  2.00 kB
.svelte-kit/output/client/_app/immutable/nodes/14.irzZI80n.js          4.80 kB │ gzip:  2.13 kB
.svelte-kit/output/client/_app/immutable/nodes/22.BbL2xY2l.js          4.89 kB │ gzip:  2.23 kB
.svelte-kit/output/client/_app/immutable/nodes/10.z2K9HpLc.js          5.13 kB │ gzip:  2.10 kB
.svelte-kit/output/client/_app/immutable/nodes/29.DSd2DV5h.js          5.25 kB │ gzip:  2.02 kB
.svelte-kit/output/client/_app/immutable/nodes/15.DvBLqote.js          5.70 kB │ gzip:  2.44 kB
.svelte-kit/output/client/_app/immutable/chunks/DB3NPNea.js            5.75 kB │ gzip:  2.66 kB
.svelte-kit/output/client/_app/immutable/chunks/Dk8ZNDOQ.js            6.51 kB │ gzip:  2.97 kB
.svelte-kit/output/client/_app/immutable/nodes/34.BdYA4dRn.js          6.77 kB │ gzip:  2.58 kB
.svelte-kit/output/client/_app/immutable/nodes/26.Bm5UC8ba.js          7.46 kB │ gzip:  2.70 kB
.svelte-kit/output/client/_app/immutable/nodes/18.C4hUYQM1.js          8.76 kB │ gzip:  3.39 kB
.svelte-kit/output/client/_app/immutable/nodes/30.BYU1u0mz.js         10.37 kB │ gzip:  4.15 kB
.svelte-kit/output/client/_app/immutable/nodes/11.1qsXdDte.js         11.46 kB │ gzip:  4.21 kB
.svelte-kit/output/client/_app/immutable/nodes/6.BGeyK1Pg.js          11.47 kB │ gzip:  3.26 kB
.svelte-kit/output/client/_app/immutable/nodes/9.B5SWCehl.js          12.25 kB │ gzip:  4.08 kB
.svelte-kit/output/client/_app/immutable/nodes/23.uHp_zgpR.js         12.85 kB │ gzip:  3.78 kB
.svelte-kit/output/client/_app/immutable/entry/app.KaC7GkdL.js        12.87 kB │ gzip:  4.22 kB
.svelte-kit/output/client/_app/immutable/nodes/13.DdfEFshE.js         12.89 kB │ gzip:  4.04 kB
.svelte-kit/output/client/_app/immutable/nodes/27.VwX_w2dw.js         13.31 kB │ gzip:  4.18 kB
.svelte-kit/output/client/_app/immutable/nodes/7.B0uELCnY.js          15.29 kB │ gzip:  5.33 kB
.svelte-kit/output/client/_app/immutable/nodes/8.zW9Ro5zK.js          15.29 kB │ gzip:  5.33 kB
.svelte-kit/output/client/_app/immutable/nodes/28.BcB4rg0B.js         17.61 kB │ gzip:  5.52 kB
.svelte-kit/output/client/_app/immutable/nodes/2.Clz-qOXe.js          22.29 kB │ gzip:  5.30 kB
.svelte-kit/output/client/_app/immutable/chunks/DzIjGCBP.js           24.60 kB │ gzip:  9.69 kB
.svelte-kit/output/client/_app/immutable/nodes/25.6IyGRYmB.js         26.27 kB │ gzip:  7.37 kB
.svelte-kit/output/client/_app/immutable/chunks/BUhWm2AB.js           26.71 kB │ gzip: 10.52 kB
.svelte-kit/output/client/_app/immutable/nodes/24.B9riqKsR.js         45.71 kB │ gzip: 13.56 kB
.svelte-kit/output/client/_app/immutable/nodes/12.ZDZaIVf2.js         56.92 kB │ gzip: 12.76 kB
✓ built in 2.81s
.svelte-kit/output/server/.vite/manifest.json                                                           29.06 kB
.svelte-kit/output/server/_app/immutable/assets/_page.CAQnJltZ.css                                       6.77 kB
.svelte-kit/output/server/_app/immutable/assets/layout.DbB-E6MZ.css                                    117.57 kB
.svelte-kit/output/server/chunks/false.js                                                                0.04 kB
.svelte-kit/output/server/entries/fallbacks/layout.svelte.js                                             0.17 kB
.svelte-kit/output/server/entries/pages/transaksi/cetak/_layout.svelte.js                                0.21 kB
.svelte-kit/output/server/entries/pages/login/_layout.server.js                                          0.31 kB
.svelte-kit/output/server/entries/pages/transaksi/cetak/_layout.server.js                                0.31 kB
.svelte-kit/output/server/internal.js                                                                    0.35 kB
.svelte-kit/output/server/chunks/state.svelte.js                                                         0.43 kB
.svelte-kit/output/server/entries/pages/(app)/pengaturan/_layout.svelte.js                               0.45 kB
.svelte-kit/output/server/entries/endpoints/(app)/pengaturan/backup-database/download.json/_server.js    0.51 kB
.svelte-kit/output/server/entries/pages/logout/_page.server.js                                           0.52 kB
.svelte-kit/output/server/chunks/environment.js                                                          0.62 kB
.svelte-kit/output/server/chunks/stores.js                                                               0.71 kB
.svelte-kit/output/server/entries/pages/(app)/_layout.server.js                                          0.79 kB
.svelte-kit/output/server/entries/pages/(app)/transaksi/rekap-individu/_page.server.js                   0.88 kB
.svelte-kit/output/server/chunks/index4.js                                                               0.94 kB
.svelte-kit/output/server/entries/pages/login/_layout.svelte.js                                          1.12 kB
.svelte-kit/output/server/chunks/utils.js                                                                1.15 kB
.svelte-kit/output/server/entries/pages/(app)/pengaturan/system-full-log/_page.server.js                 1.38 kB
.svelte-kit/output/server/chunks/index.js                                                                1.43 kB
.svelte-kit/output/server/entries/pages/(app)/pengaturan/reset-database/_page.server.js                  1.56 kB
.svelte-kit/output/server/entries/pages/(app)/pengaturan/reset-database/_page.svelte.js                  1.56 kB
.svelte-kit/output/server/entries/endpoints/(app)/pengaturan/system-full-log/export.csv/_server.js       1.60 kB
.svelte-kit/output/server/entries/pages/_error.svelte.js                                                 1.73 kB
.svelte-kit/output/server/entries/pages/(app)/pengaturan/restore-database/_page.svelte.js                1.87 kB
.svelte-kit/output/server/entries/pages/(app)/master/santri/cetak/_id_/_page.server.js                   1.97 kB
.svelte-kit/output/server/chunks/auth.js                                                                 2.04 kB
.svelte-kit/output/server/entries/pages/(app)/master/kategori-santri/_page.server.js                     2.78 kB
.svelte-kit/output/server/entries/pages/(app)/pengaturan/profil/_page.server.js                          3.10 kB
.svelte-kit/output/server/entries/pages/(app)/master/tahun-ajaran/_page.server.js                        3.11 kB
.svelte-kit/output/server/chunks/internal.js                                                             3.31 kB
.svelte-kit/output/server/entries/pages/(app)/pengaturan/backup-database/_page.server.js                 3.40 kB
.svelte-kit/output/server/entries/pages/(app)/master/jenis-pembayaran/_page.server.js                    3.40 kB
.svelte-kit/output/server/entries/pages/login/2fa/_page.svelte.js                                        3.41 kB
.svelte-kit/output/server/entries/pages/(app)/master/data-siswa-smk/_page.server.js                      3.76 kB
.svelte-kit/output/server/entries/pages/(app)/master/data-siswa-smp/_page.server.js                      3.76 kB
.svelte-kit/output/server/entries/pages/(app)/master/santri/cetak-list/_page.server.js                   3.91 kB
.svelte-kit/output/server/entries/endpoints/(app)/master/santri/sample.csv/_server.js                    3.96 kB
.svelte-kit/output/server/entries/pages/(app)/pengaturan/backup-database/_page.svelte.js                 3.99 kB
.svelte-kit/output/server/entries/endpoints/(app)/master/santri/sample.xlsx/_server.js                   4.02 kB
.svelte-kit/output/server/entries/pages/(app)/transaksi/saldo-keuangan/_page.server.js                   4.06 kB
.svelte-kit/output/server/entries/pages/login/_page.svelte.js                                            4.09 kB
.svelte-kit/output/server/entries/pages/(app)/pengaturan/profil/_page.svelte.js                          4.11 kB
.svelte-kit/output/server/entries/pages/(app)/master/kategori-santri/_page.svelte.js                     4.14 kB
.svelte-kit/output/server/entries/pages/(app)/pengaturan/akses-halaman/_page.server.js                   4.15 kB
.svelte-kit/output/server/entries/pages/login/2fa/_page.server.js                                        4.30 kB
.svelte-kit/output/server/entries/pages/(app)/master/tahun-ajaran/_page.svelte.js                        4.36 kB
.svelte-kit/output/server/entries/pages/(app)/pengaturan/akses-halaman/_page.svelte.js                   4.62 kB
.svelte-kit/output/server/entries/pages/(app)/pengaturan/system-full-log/_page.svelte.js                 5.03 kB
.svelte-kit/output/server/entries/endpoints/(app)/pengaturan/import-tunggakan/sample.xlsx/_server.js     5.09 kB
.svelte-kit/output/server/chunks/backup.js                                                               5.28 kB
.svelte-kit/output/server/entries/pages/(app)/master/santri/cetak-list/_page.svelte.js                   5.34 kB
.svelte-kit/output/server/chunks/exports.js                                                              5.59 kB
.svelte-kit/output/server/entries/pages/(app)/transaksi/saldo-keuangan/_page.svelte.js                   5.65 kB
.svelte-kit/output/server/entries/pages/(app)/transaksi/riwayat/_page.server.js                          5.72 kB
.svelte-kit/output/server/entries/pages/(app)/transaksi/rekapitulasi/_page.server.js                     5.83 kB
.svelte-kit/output/server/entries/hooks.server.js                                                        6.71 kB
.svelte-kit/output/server/entries/pages/(app)/pengaturan/user/_page.server.js                            6.78 kB
.svelte-kit/output/server/entries/pages/(app)/_page.server.js                                            7.49 kB
.svelte-kit/output/server/entries/pages/transaksi/cetak/_id_/_page.server.js                             7.49 kB
.svelte-kit/output/server/entries/pages/(app)/transaksi/tambah-tagihan-khusus/_page.svelte.js            7.61 kB
.svelte-kit/output/server/entries/pages/(app)/master/jenis-pembayaran/_page.svelte.js                    7.64 kB
.svelte-kit/output/server/entries/pages/(app)/transaksi/rekap-petugas/_page.server.js                    7.69 kB
.svelte-kit/output/server/entries/pages/transaksi/cetak/_id_/_page.svelte.js                             7.93 kB
.svelte-kit/output/server/entries/pages/(app)/pengaturan/user/_page.svelte.js                            8.02 kB
.svelte-kit/output/server/entries/pages/(app)/pengaturan/restore-database/_page.server.js                8.22 kB
.svelte-kit/output/server/entries/pages/(app)/transaksi/tambah-tagihan-khusus/_page.server.js            8.36 kB
.svelte-kit/output/server/entries/pages/(app)/transaksi/rekap-petugas/_page.svelte.js                    8.49 kB
.svelte-kit/output/server/entries/pages/(app)/pengaturan/import-tunggakan/_page.svelte.js                8.67 kB
.svelte-kit/output/server/entries/pages/(app)/_layout.svelte.js                                          9.27 kB
.svelte-kit/output/server/chunks/index2.js                                                               9.75 kB
.svelte-kit/output/server/entries/pages/(app)/master/keaktifan-santri/_page.server.js                    9.88 kB
.svelte-kit/output/server/entries/pages/(app)/master/keaktifan-santri/_page.svelte.js                    9.97 kB
.svelte-kit/output/server/entries/pages/(app)/master/data-siswa-smk/_page.svelte.js                     11.12 kB
.svelte-kit/output/server/entries/pages/(app)/master/data-siswa-smp/_page.svelte.js                     11.12 kB
.svelte-kit/output/server/entries/pages/(app)/_page.svelte.js                                           11.62 kB
.svelte-kit/output/server/entries/pages/(app)/master/santri/cetak/_id_/_page.svelte.js                  11.78 kB
.svelte-kit/output/server/entries/pages/login/_page.server.js                                           12.35 kB
.svelte-kit/output/server/entries/pages/(app)/transaksi/rekapitulasi/_page.svelte.js                    14.01 kB
.svelte-kit/output/server/entries/pages/(app)/transaksi/riwayat/_page.svelte.js                         17.30 kB
.svelte-kit/output/server/remote-entry.js                                                               19.02 kB
.svelte-kit/output/server/entries/pages/(app)/transaksi/input/_page.svelte.js                           23.93 kB
.svelte-kit/output/server/entries/pages/(app)/transaksi/rekap-individu/_page.svelte.js                  26.33 kB
.svelte-kit/output/server/chunks/shared.js                                                              27.07 kB
.svelte-kit/output/server/entries/pages/(app)/transaksi/input/_page.server.js                           30.10 kB
.svelte-kit/output/server/chunks/root.js                                                                31.00 kB
.svelte-kit/output/server/chunks/rekapIndividu.js                                                       31.53 kB
.svelte-kit/output/server/entries/pages/(app)/master/santri/_page.server.js                             31.65 kB
.svelte-kit/output/server/entries/pages/(app)/pengaturan/import-tunggakan/_page.server.js               31.83 kB
.svelte-kit/output/server/entries/pages/(app)/master/santri/_page.svelte.js                             39.47 kB
.svelte-kit/output/server/chunks/index3.js                                                              90.04 kB
.svelte-kit/output/server/index.js                                                                     123.27 kB
✓ built in 8.25s

Run npm run preview to preview your production build locally.

> Using @sveltejs/adapter-vercel
  Warning: The following modules failed to locate dependencies that may (or may not) be required for your app to work:
  node_modules/pg/lib/native/client.js
    - [1m[36mpg-native[39m[22m
  node_modules/pg-cloudflare/dist/index.js
    - [1m[36mcloudflare:sockets[39m[22m
  ✔ done
